// Jest Snapshot v1, https://goo.gl/fbAQLP

exports[`links should render correctly 1`] = `
<button
  aria-label="Coming Soon!"
  class="MuiButton-root MuiButton-text MuiButton-textInherit MuiButton-sizeMedium MuiButton-textSizeMedium MuiButton-colorInherit MuiButtonBase-root  css-wpg80s-MuiButtonBase-root-MuiButton-root"
  data-mui-internal-clone-element="true"
  tabindex="0"
  type="button"
>
  Account 
  <svg
    aria-hidden="true"
    class="MuiSvgIcon-root MuiSvgIcon-fontSizeSmall css-ptiqhd-MuiSvgIcon-root"
    data-testid="KeyboardArrowDownIcon"
    focusable="false"
    viewBox="0 0 24 24"
  >
    <path
      d="M7.41 8.59 12 13.17l4.59-4.58L18 10l-6 6-6-6 1.41-1.41z"
    />
  </svg>
</button>
`;
