// Jest Snapshot v1, https://goo.gl/fbAQLP

exports[`coming-soon-tooltip should render correctly 1`] = `
<div
  aria-label="Coming Soon!"
  class=""
  data-mui-internal-clone-element="true"
>
  <div
    aria-disabled="true"
    class="MuiListItemButton-root MuiListItemButton-gutters Mui-disabled MuiButtonBase-root Mui-disabled css-1tk19ni-MuiButtonBase-root-MuiListItemButton-root"
    role="button"
    tabindex="-1"
  >
    <div
      class="MuiListItemText-root css-tlelie-MuiListItemText-root"
    >
      <span
        class="MuiTypography-root MuiTypography-body1 MuiListItemText-primary css-10hburv-MuiTypography-root"
      >
        Receptionist
      </span>
    </div>
  </div>
</div>
`;
